Microchip MPLAB XC8 Compiler V1.41 ()

Linker command line:

-W-3 --edf=C:\Program Files (x86)\Microchip\xc8\v1.41\dat\en_msgs.txt -cs \
  -h+dist/default/production\AnalogToDigital_Test.X.production.sym \
  --cmf=dist/default/production\AnalogToDigital_Test.X.production.cmf -z \
  -Q18F25K22 -oC:\Users\Ilija\AppData\Local\Temp\s7ag.2 \
  -Mdist/default/production/AnalogToDigital_Test.X.production.map -E1 \
  -ver=XC8 -ASTACK=060h-05ffh -pstack=STACK -ACODE=00h-07FFFh \
  -ACONST=00h-07FFFh -ASMALLCONST=0600h-06FFhx122 \
  -AMEDIUMCONST=0600h-07FFFh -ACOMRAM=01h-05Fh -AABS1=00h-05FFh \
  -ABIGRAM=01h-05FFh -ARAM=060h-0FFh,0100h-01FFhx5 -ABANK0=060h-0FFh \
  -ABANK1=0100h-01FFh -ABANK2=0200h-02FFh -ABANK3=0300h-03FFh \
  -ABANK4=0400h-04FFh -ABANK5=0500h-05FFh -ASFR=0F38h-0F5Fh,0F60h-0FFFh \
  -preset_vec=00h,intcode=08h,intcodelo,powerup,init -pramtop=0600h \
  -psmallconst=SMALLCONST -pmediumconst=MEDIUMCONST -pconst=CONST \
  -AFARRAM=00h-00h -ACONFIG=0300000h-030000Dh -pconfig=CONFIG \
  -AIDLOC=0200000h-0200007h -pidloc=IDLOC -AEEDATA=0F00000h-0F000FFh \
  -peeprom_data=EEDATA \
  -prdata=COMRAM,nvrram=COMRAM,nvbit=COMRAM,rbss=COMRAM,rbit=COMRAM \
  -pfarbss=FARRAM,fardata=FARRAM,nvFARRAM=FARRAM \
  -pintsave_regs=BIGRAM,bigbss=BIGRAM,bigdata=BIGRAM -pbss=RAM \
  -pidata=CODE,irdata=CODE,ibigdata=CODE,ifardata=CODE -prparam=COMRAM \
  C:\Users\Ilija\AppData\Local\Temp\s7ag.obj \
  dist/default/production\AnalogToDigital_Test.X.production.obj 

Object code version is 3.11

Machine type is 18F25K22

Call graph: (short form)




                Name                               Link     Load   Length Selector   Space Scale
C:\Users\Ilija\AppData\Local\Temp\s7ag.obj
                init                                 AC       AC        4        4       0
                reset_vec                             0        0        4        0       0
                idloc                            200000   200000        8   200000       0
                config                           300000   300000        E   300000       0
dist/default/production\AnalogToDigital_Test.X.production.obj
                intcode                               8        8       A4        4       0
                temp                                 44       44        1        1       1
                text6                               2AC      2AC       CC        4       0
                text5                               378      378       56        4       0
                text4                                B0       B0      118        4       0
                text3                               1C8      1C8       E4        4       0
                text1                               3CE      3CE       32        4       0
                text0                               40C      40C        6        4       0
                cstackCOMRAM                          1        1       42        1       1
                bssCOMRAM                            43       43        1        1       1
                cinit                               400      400        C        4       0

TOTAL           Name                               Link     Load   Length     Space
        CLASS   STACK          

        CLASS   CODE           
                intcode                               8        8       A4         0
                init                                 AC       AC        4         0
                reset_vec                             0        0        4         0
                text6                               2AC      2AC       CC         0
                text5                               378      378       56         0
                text4                                B0       B0      118         0
                text3                               1C8      1C8       E4         0
                text1                               3CE      3CE       32         0
                text0                               40C      40C        6         0
                cinit                               400      400        C         0

        CLASS   CONST          

        CLASS   SMALLCONST     

        CLASS   MEDIUMCONST    

        CLASS   COMRAM         
                temp                                 44       44        1         1
                cstackCOMRAM                          1        1       42         1
                bssCOMRAM                            43       43        1         1

        CLASS   ABS1           

        CLASS   BIGRAM         

        CLASS   RAM            

        CLASS   BANK0          

        CLASS   BANK1          

        CLASS   BANK2          

        CLASS   BANK3          

        CLASS   BANK4          

        CLASS   BANK5          

        CLASS   SFR            

        CLASS   FARRAM         

        CLASS   CONFIG         
                config                           300000   300000        E         0

        CLASS   IDLOC          
                idloc                            200000   200000        8         0

        CLASS   EEDATA         



SEGMENTS        Name                           Load    Length   Top    Selector   Space  Class

                reset_vec                      000000  000004  000004         0       0  CODE    
                cstackCOMRAM                   000001  000044  000045         1       1  COMRAM  
                intcode                        000008  00040A  000412         4       0  CODE    
                idloc                          200000  000008  200008    200000       0  IDLOC   
                config                         300000  00000E  30000E    300000       0  CONFIG  


UNUSED ADDRESS RANGES

        Name                Unused          Largest block    Delta
        BANK0            000060-0000FF               A0
        BANK1            000100-0001FF              100
        BANK2            000200-0002FF              100
        BANK3            000300-0003FF              100
        BANK4            000400-0004FF              100
        BANK5            000500-0005FF              100
        BIGRAM           000045-0005FF              5BB
        CODE             000004-000007                4
                         000412-007FFF             7BEE
        COMRAM           000045-00005F               1B
        CONST            000004-000007                4
                         000412-007FFF             7BEE
        EEDATA           F00000-F000FF              100
        MEDIUMCONST      000600-007FFF             7A00
        RAM              000060-0005FF              100
        SFR              000F38-000FFF               28
        SMALLCONST       000600-007FFF              100
        STACK            000060-0005FF              5A0

                                  Symbol Table

?___aldiv                   cstackCOMRAM 00000D
?___lmul                    cstackCOMRAM 000001
?_setPreScaler              cstackCOMRAM 00001B
_ADCON0                     (abs)        000FC2
_ADCON2                     (abs)        000FC0
_ADRESH                     (abs)        000FC4
_ANSELA                     (abs)        000F38
_ANSELC                     (abs)        000F3A
_GIE                        (abs)        007F97
_GODONE                     (abs)        007E11
_INTCON                     (abs)        000FF2
_LATA                       (abs)        000F89
_LATC                       (abs)        000F8B
_Setup                      text1        0003CE
_T0CON                      (abs)        000FD5
_TMR0H                      (abs)        000FD7
_TMR0IE                     (abs)        007F95
_TMR0IF                     (abs)        007F92
_TMR0L                      (abs)        000FD6
_TMR0ON                     (abs)        007EAF
_TRISA                      (abs)        000F92
_TRISC                      (abs)        000F94
__CFG_BOREN$OFF             (abs)        000000
__CFG_BORV$190              (abs)        000000
__CFG_CCP2MX$PORTC1         (abs)        000000
__CFG_CCP3MX$PORTB5         (abs)        000000
__CFG_CP0$OFF               (abs)        000000
__CFG_CP1$OFF               (abs)        000000
__CFG_CP2$OFF               (abs)        000000
__CFG_CP3$OFF               (abs)        000000
__CFG_CPB$OFF               (abs)        000000
__CFG_CPD$OFF               (abs)        000000
__CFG_EBTR0$OFF             (abs)        000000
__CFG_EBTR1$OFF             (abs)        000000
__CFG_EBTR2$OFF             (abs)        000000
__CFG_EBTR3$OFF             (abs)        000000
__CFG_EBTRB$OFF             (abs)        000000
__CFG_FCMEN$OFF             (abs)        000000
__CFG_FOSC$XT               (abs)        000000
__CFG_HFOFST$OFF            (abs)        000000
__CFG_IESO$OFF              (abs)        000000
__CFG_LVP$OFF               (abs)        000000
__CFG_MCLRE$EXTMCLR         (abs)        000000
__CFG_P2BMX$PORTB5          (abs)        000000
__CFG_PBADEN$OFF            (abs)        000000
__CFG_PLLCFG$OFF            (abs)        000000
__CFG_PRICLKEN$OFF          (abs)        000000
__CFG_PWRTEN$OFF            (abs)        000000
__CFG_STVREN$OFF            (abs)        000000
__CFG_T3CMX$PORTC0          (abs)        000000
__CFG_WDTEN$OFF             (abs)        000000
__CFG_WDTPS$32768           (abs)        000000
__CFG_WRT0$OFF              (abs)        000000
__CFG_WRT1$OFF              (abs)        000000
__CFG_WRT2$OFF              (abs)        000000
__CFG_WRT3$OFF              (abs)        000000
__CFG_WRTB$OFF              (abs)        000000
__CFG_WRTC$OFF              (abs)        000000
__CFG_WRTD$OFF              (abs)        000000
__CFG_XINST$OFF             (abs)        000000
__HRAM                      (abs)        000000
__Habs1                     abs1         000000
__Hbank0                    bank0        000000
__Hbank1                    bank1        000000
__Hbank2                    bank2        000000
__Hbank3                    bank3        000000
__Hbank4                    bank4        000000
__Hbank5                    bank5        000000
__Hbigbss                   bigbss       000000
__Hbigdata                  bigdata      000000
__Hbigram                   bigram       000000
__Hbss                      bss          000000
__HbssCOMRAM                bssCOMRAM    000000
__Hcinit                    cinit        000000
__Hclrtext                  clrtext      000000
__Hcomram                   comram       000000
__Hconfig                   config       30000E
__Hconst                    const        000000
__HcstackBANK0              cstackBANK0  000000
__HcstackCOMRAM             cstackCOMRAM 000000
__Hdata                     data         000000
__Heeprom_data              eeprom_data  000000
__Hfarbss                   farbss       000000
__Hfardata                  fardata      000000
__Hibigdata                 ibigdata     000000
__Hidata                    idata        000000
__Hidloc                    idloc        200008
__Hifardata                 ifardata     000000
__Hinit                     init         0000B0
__Hintcode                  intcode      0000AC
__Hintcode_body             intcode_body 000000
__Hintcodelo                intcodelo    0000AC
__Hintentry                 intentry     000000
__Hintret                   intret       000000
__Hintsave_regs             intsave_regs 000000
__Hirdata                   irdata       000000
__Hmediumconst              mediumconst  000000
__HnvFARRAM                 nvFARRAM     000000
__Hnvbit                    nvbit        000000
__Hnvrram                   nvrram       000000
__Hparam                    rparam       000000
__Hpowerup                  powerup      0000AC
__Hram                      ram          000000
__Hramtop                   ramtop       000600
__Hrbit                     rbit         000000
__Hrbss                     rbss         000000
__Hrdata                    rdata        000000
__Hreset_vec                reset_vec    000004
__Hrparam                   rparam       000000
__Hsfr                      sfr          000000
__Hsmallconst               smallconst   000000
__Hspace_0                  (abs)        30000E
__Hspace_1                  (abs)        000045
__Hspace_2                  (abs)        000000
__Hstack                    stack        000000
__Hstruct                   struct       000000
__Htemp                     temp         000045
__Htext                     text         000000
__Htext0                    text0        000000
__Htext1                    text1        000000
__Htext3                    text3        000000
__Htext4                    text4        000000
__Htext5                    text5        000000
__Htext6                    text6        000000
__LRAM                      (abs)        000001
__Labs1                     abs1         000000
__Lbank0                    bank0        000000
__Lbank1                    bank1        000000
__Lbank2                    bank2        000000
__Lbank3                    bank3        000000
__Lbank4                    bank4        000000
__Lbank5                    bank5        000000
__Lbigbss                   bigbss       000000
__Lbigdata                  bigdata      000000
__Lbigram                   bigram       000000
__Lbss                      bss          000000
__LbssCOMRAM                bssCOMRAM    000000
__Lcinit                    cinit        000000
__Lclrtext                  clrtext      000000
__Lcomram                   comram       000000
__Lconfig                   config       300000
__Lconst                    const        000000
__LcstackBANK0              cstackBANK0  000000
__LcstackCOMRAM             cstackCOMRAM 000000
__Ldata                     data         000000
__Leeprom_data              eeprom_data  000000
__Lfarbss                   farbss       000000
__Lfardata                  fardata      000000
__Libigdata                 ibigdata     000000
__Lidata                    idata        000000
__Lidloc                    idloc        200000
__Lifardata                 ifardata     000000
__Linit                     init         0000AC
__Lintcode                  intcode      000008
__Lintcode_body             intcode_body 000000
__Lintcodelo                intcodelo    0000AC
__Lintentry                 intentry     000000
__Lintret                   intret       000000
__Lintsave_regs             intsave_regs 000000
__Lirdata                   irdata       000000
__Lmediumconst              mediumconst  000000
__LnvFARRAM                 nvFARRAM     000000
__Lnvbit                    nvbit        000000
__Lnvrram                   nvrram       000000
__Lparam                    rparam       000000
__Lpowerup                  powerup      0000AC
__Lram                      ram          000000
__Lramtop                   ramtop       000600
__Lrbit                     rbit         000000
__Lrbss                     rbss         000000
__Lrdata                    rdata        000000
__Lreset_vec                reset_vec    000000
__Lrparam                   rparam       000000
__Lsfr                      sfr          000000
__Lsmallconst               smallconst   000000
__Lspace_0                  (abs)        000000
__Lspace_1                  (abs)        000000
__Lspace_2                  (abs)        000000
__Lstack                    stack        000000
__Lstruct                   struct       000000
__Ltemp                     temp         000044
__Ltext                     text         000000
__Ltext0                    text0        000000
__Ltext1                    text1        000000
__Ltext3                    text3        000000
__Ltext4                    text4        000000
__Ltext5                    text5        000000
__Ltext6                    text6        000000
__S0                        (abs)        30000E
__S1                        (abs)        000045
__S2                        (abs)        000000
___aldiv                    text6        0002AC
___aldiv@counter            cstackCOMRAM 000015
___aldiv@dividend           cstackCOMRAM 00000D
___aldiv@divisor            cstackCOMRAM 000011
___aldiv@quotient           cstackCOMRAM 000017
___aldiv@sign               cstackCOMRAM 000016
___inthi_sp                 stack        000000
___intlo_sp                 stack        000000
___lmul                     text5        000378
___lmul@multiplicand        cstackCOMRAM 000005
___lmul@multiplier          cstackCOMRAM 000001
___lmul@product             cstackCOMRAM 000009
___param_bank               (abs)        000000
___rparam_used              (abs)        000001
___sp                       stack        000000
__accesstop                 (abs)        000060
__activetblptr              (abs)        000000
__end_of_Setup              text1        000400
__end_of___aldiv            text6        000378
__end_of___lmul             text5        0003CE
__end_of__initialization    cinit        000402
__end_of_isr                intcode      0000AC
__end_of_main               text0        000412
__end_of_setPreScaler       text4        0001C8
__end_of_setTMR0_ms         text3        0002AC
__initialization            cinit        000400
__mediumconst               mediumconst  000000
__pbssCOMRAM                bssCOMRAM    000043
__pcinit                    cinit        000400
__pcstackBANK0              cstackBANK0  000000
__pcstackCOMRAM             cstackCOMRAM 000001
__pintcode                  intcode      000008
__ptext0                    text0        00040C
__ptext1                    text1        0003CE
__ptext3                    text3        0001C8
__ptext4                    text4        0000B0
__ptext5                    text5        000378
__ptext6                    text6        0002AC
__ramtop                    ramtop       000600
__size_of_Setup             (abs)        000000
__size_of___aldiv           (abs)        000000
__size_of___lmul            (abs)        000000
__size_of_isr               (abs)        000000
__size_of_main              (abs)        000000
__size_of_setPreScaler      (abs)        000000
__size_of_setTMR0_ms        (abs)        000000
__smallconst                smallconst   000000
_i                          bssCOMRAM    000043
_isr                        intcode      000008
_main                       text0        00040C
_setPreScaler               text4        0000B0
_setTMR0_ms                 text3        0001C8
btemp                       temp         000044
end_of_initialization       cinit        000402
int$flags                   temp         000044
intlevel0                   text         000000
intlevel1                   text         000000
intlevel2                   text         000000
intlevel3                   text         000000
setPreScaler@HighBitCounter cstackCOMRAM 000024
setPreScaler@PreScaler      cstackCOMRAM 000025
setPreScaler@t              cstackCOMRAM 00001B
setTMR0_ms@PreScaler        cstackCOMRAM 00002D
setTMR0_ms@StartingValue    cstackCOMRAM 000031
setTMR0_ms@timeval          cstackCOMRAM 000029
stackhi                     (abs)        0005FF
stacklo                     (abs)        000060
start                       init         0000AC
start_initialization        cinit        000400


FUNCTION INFORMATION:

 *************** function _main *****************
 Defined at:
		line 21 in file "main.c"
 Parameters:    Size  Location     Type
		None
 Auto vars:     Size  Location     Type
		None
 Return value:  Size  Location     Type
                  1    wreg      void 
 Registers used:
		wreg, status,2, cstack
 Tracked objects:
		On entry : 
		On exit  : 
		Unchanged: 
 Data sizes:     COMRAM   BANK0   BANK1   BANK2   BANK3   BANK4   BANK5
      Params:         0       0       0       0       0       0       0
      Locals:         0       0       0       0       0       0       0
      Temps:          0       0       0       0       0       0       0
      Totals:         0       0       0       0       0       0       0
Total ram usage:        0 bytes
 Hardware stack levels required when called:    5
 This function calls:
		_Setup
 This function is called by:
		Startup code after reset
 This function uses a non-reentrant model


 *************** function _Setup *****************
 Defined at:
		line 31 in file "main.c"
 Parameters:    Size  Location     Type
		None
 Auto vars:     Size  Location     Type
		None
 Return value:  Size  Location     Type
                  1    wreg      void 
 Registers used:
		wreg, status,2
 Tracked objects:
		On entry : 
		On exit  : 
		Unchanged: 
 Data sizes:     COMRAM   BANK0   BANK1   BANK2   BANK3   BANK4   BANK5
      Params:         0       0       0       0       0       0       0
      Locals:         0       0       0       0       0       0       0
      Temps:          0       0       0       0       0       0       0
      Totals:         0       0       0       0       0       0       0
Total ram usage:        0 bytes
 Hardware stack levels used:    1
 Hardware stack levels required when called:    4
 This function calls:
		Nothing
 This function is called by:
		_main
 This function uses a non-reentrant model


 *************** function _isr *****************
 Defined at:
		line 48 in file "main.c"
 Parameters:    Size  Location     Type
		None
 Auto vars:     Size  Location     Type
		None
 Return value:  Size  Location     Type
                  1    wreg      void 
 Registers used:
		wreg, status,2, status,0, cstack
 Tracked objects:
		On entry : 
		On exit  : 
		Unchanged: 
 Data sizes:     COMRAM   BANK0   BANK1   BANK2   BANK3   BANK4   BANK5
      Params:         0       0       0       0       0       0       0
      Locals:         0       0       0       0       0       0       0
      Temps:         14       0       0       0       0       0       0
      Totals:        14       0       0       0       0       0       0
Total ram usage:       14 bytes
 Hardware stack levels used:    1
 Hardware stack levels required when called:    3
 This function calls:
		_setTMR0_ms
 This function is called by:
		Interrupt level 2
 This function uses a non-reentrant model


 *************** function _setTMR0_ms *****************
 Defined at:
		line 19 in file "setTMR0.h"
 Parameters:    Size  Location     Type
  timeval         4   40[COMRAM] long 
 Auto vars:     Size  Location     Type
  StartingValu    4   48[COMRAM] long 
  PreScaler       4   44[COMRAM] long 
 Return value:  Size  Location     Type
                  1    wreg      void 
 Registers used:
		wreg, status,2, status,0, cstack
 Tracked objects:
		On entry : 
		On exit  : 
		Unchanged: 
 Data sizes:     COMRAM   BANK0   BANK1   BANK2   BANK3   BANK4   BANK5
      Params:         4       0       0       0       0       0       0
      Locals:         8       0       0       0       0       0       0
      Temps:          0       0       0       0       0       0       0
      Totals:        12       0       0       0       0       0       0
Total ram usage:       12 bytes
 Hardware stack levels used:    1
 Hardware stack levels required when called:    2
 This function calls:
		___aldiv
		___lmul
		_setPreScaler
 This function is called by:
		_isr
 This function uses a non-reentrant model


 *************** function _setPreScaler *****************
 Defined at:
		line 31 in file "setTMR0.h"
 Parameters:    Size  Location     Type
  t               4   26[COMRAM] long 
 Auto vars:     Size  Location     Type
  PreScaler       4   36[COMRAM] long 
  HighBitCount    1   35[COMRAM] unsigned char 
 Return value:  Size  Location     Type
                  4   26[COMRAM] long 
 Registers used:
		wreg, status,2, status,0, cstack
 Tracked objects:
		On entry : 
		On exit  : 
		Unchanged: 
 Data sizes:     COMRAM   BANK0   BANK1   BANK2   BANK3   BANK4   BANK5
      Params:         4       0       0       0       0       0       0
      Locals:         5       0       0       0       0       0       0
      Temps:          5       0       0       0       0       0       0
      Totals:        14       0       0       0       0       0       0
Total ram usage:       14 bytes
 Hardware stack levels used:    1
 Hardware stack levels required when called:    1
 This function calls:
		___aldiv
		___lmul
 This function is called by:
		_setTMR0_ms
 This function uses a non-reentrant model


 *************** function ___lmul *****************
 Defined at:
		line 15 in file "C:\Program Files (x86)\Microchip\xc8\v1.41\sources\common\Umul32.c"
 Parameters:    Size  Location     Type
  multiplier      4    0[COMRAM] unsigned long 
  multiplicand    4    4[COMRAM] unsigned long 
 Auto vars:     Size  Location     Type
  product         4    8[COMRAM] unsigned long 
 Return value:  Size  Location     Type
                  4    0[COMRAM] unsigned long 
 Registers used:
		wreg, status,2, status,0
 Tracked objects:
		On entry : 
		On exit  : 
		Unchanged: 
 Data sizes:     COMRAM   BANK0   BANK1   BANK2   BANK3   BANK4   BANK5
      Params:         8       0       0       0       0       0       0
      Locals:         4       0       0       0       0       0       0
      Temps:          0       0       0       0       0       0       0
      Totals:        12       0       0       0       0       0       0
Total ram usage:       12 bytes
 Hardware stack levels used:    1
 This function calls:
		Nothing
 This function is called by:
		_setTMR0_ms
		_setPreScaler
 This function uses a non-reentrant model


 *************** function ___aldiv *****************
 Defined at:
		line 8 in file "C:\Program Files (x86)\Microchip\xc8\v1.41\sources\common\aldiv.c"
 Parameters:    Size  Location     Type
  dividend        4   12[COMRAM] long 
  divisor         4   16[COMRAM] long 
 Auto vars:     Size  Location     Type
  quotient        4   22[COMRAM] long 
  sign            1   21[COMRAM] unsigned char 
  counter         1   20[COMRAM] unsigned char 
 Return value:  Size  Location     Type
                  4   12[COMRAM] long 
 Registers used:
		wreg, status,2, status,0
 Tracked objects:
		On entry : 
		On exit  : 
		Unchanged: 
 Data sizes:     COMRAM   BANK0   BANK1   BANK2   BANK3   BANK4   BANK5
      Params:         8       0       0       0       0       0       0
      Locals:         6       0       0       0       0       0       0
      Temps:          0       0       0       0       0       0       0
      Totals:        14       0       0       0       0       0       0
Total ram usage:       14 bytes
 Hardware stack levels used:    1
 This function calls:
		Nothing
 This function is called by:
		_setTMR0_ms
		_setPreScaler
 This function uses a non-reentrant model



MODULE INFORMATION

Module		Function		Class		Link	Load	Size
C:\Program Files (x86)\Microchip\xc8\v1.41\sources\common\aldiv.c
		___aldiv       		CODE           	02AC	0000	205

C:\Program Files (x86)\Microchip\xc8\v1.41\sources\common\aldiv.c estimated size: 205

setTMR0.h
		_setTMR0_ms    		CODE           	01C8	0000	229
		_setPreScaler  		CODE           	00B0	0000	281

setTMR0.h estimated size: 510

C:\Program Files (x86)\Microchip\xc8\v1.41\sources\common\Umul32.c
		___lmul        		CODE           	0378	0000	87

C:\Program Files (x86)\Microchip\xc8\v1.41\sources\common\Umul32.c estimated size: 87

shared
		__initialization		CODE           	0400	0000	3

shared estimated size: 3

main.c
		_main          		CODE           	040C	0000	7
		_Setup         		CODE           	03CE	0000	51
		_isr           		CODE           	0008	0000	165

main.c estimated size: 223

